// Jest Snapshot v1, https://goo.gl/fbAQLP

exports[`renders LastRoom component correctly 1`] = `
<div>
  <img
    alt="Bild på sista rummet som består av en dörr och två tavlor på väggen. Tavlorna föreställer ett berg och en med fyra blommor."
    className="background-image"
    src="./img/last.png"
    useMap="#doormap"
  />
  <map
    cursor="pointer"
    name="doormap"
    style={
      {
        "backgroundColor": "black",
      }
    }
  >
    <area
      alt="test"
      coords="680,100,1000,650"
      onClick={[Function]}
      shape="rect"
    />
  </map>
  <img
    alt="Bild på ett skåp med två luckor."
    className="cabinet-image"
    onClick={[Function]}
    src="./img/cabinet.png"
  />
  <img
    alt="Ett kassaskåp som måste öppnas med en kod."
    className="safe-image"
    onClick={[Function]}
    src="./img/safe.png"
  />
  <img
    alt="En stor grön växt i en kruka."
    className="plant-image"
    onClick={[Function]}
    src="./img/plant.png"
  />
</div>
`;
